| node/pkg/processor/observation.go:81:35:81:38 | hash | Delegate observation quorum bucket key must be the reconstructed MessagePublication VAA signing digest; use CreateDigest or equivalent SigningDigest and exclude per-guardian/non-VAA fields such as IsReobservation, TxID, guardian address, signatures, and serialized delegate observations. |
| node/pkg/processor/observation.go:87:35:87:38 | hash | Delegate observation quorum bucket key must be the reconstructed MessagePublication VAA signing digest; use CreateDigest or equivalent SigningDigest and exclude per-guardian/non-VAA fields such as IsReobservation, TxID, guardian address, signatures, and serialized delegate observations. |
| node/pkg/processor/observation.go:93:35:93:38 | hash | Delegate observation quorum bucket key must be the reconstructed MessagePublication VAA signing digest; use CreateDigest or equivalent SigningDigest and exclude per-guardian/non-VAA fields such as IsReobservation, TxID, guardian address, signatures, and serialized delegate observations. |
| node/pkg/processor/observation.go:99:35:99:38 | hash | Delegate observation quorum bucket key must be the reconstructed MessagePublication VAA signing digest; use CreateDigest or equivalent SigningDigest and exclude per-guardian/non-VAA fields such as IsReobservation, TxID, guardian address, signatures, and serialized delegate observations. |
| node/pkg/processor/observation.go:104:35:104:38 | hash | Delegate observation quorum bucket key must be the reconstructed MessagePublication VAA signing digest; use CreateDigest or equivalent SigningDigest and exclude per-guardian/non-VAA fields such as IsReobservation, TxID, guardian address, signatures, and serialized delegate observations. |
| node/pkg/processor/observation.go:109:35:109:38 | hash | Delegate observation quorum bucket key must be the reconstructed MessagePublication VAA signing digest; use CreateDigest or equivalent SigningDigest and exclude per-guardian/non-VAA fields such as IsReobservation, TxID, guardian address, signatures, and serialized delegate observations. |
| node/pkg/processor/observation.go:114:35:114:38 | hash | Delegate observation quorum bucket key must be the reconstructed MessagePublication VAA signing digest; use CreateDigest or equivalent SigningDigest and exclude per-guardian/non-VAA fields such as IsReobservation, TxID, guardian address, signatures, and serialized delegate observations. |
| node/pkg/processor/observation.go:119:35:119:38 | hash | Delegate observation quorum bucket key must be the reconstructed MessagePublication VAA signing digest; use CreateDigest or equivalent SigningDigest and exclude per-guardian/non-VAA fields such as IsReobservation, TxID, guardian address, signatures, and serialized delegate observations. |
| node/pkg/processor/observation.go:128:35:128:38 | hash | Delegate observation quorum bucket key must be the reconstructed MessagePublication VAA signing digest; use CreateDigest or equivalent SigningDigest and exclude per-guardian/non-VAA fields such as IsReobservation, TxID, guardian address, signatures, and serialized delegate observations. |
| node/pkg/processor/observation.go:133:35:133:38 | hash | Delegate observation quorum bucket key must be the reconstructed MessagePublication VAA signing digest; use CreateDigest or equivalent SigningDigest and exclude per-guardian/non-VAA fields such as IsReobservation, TxID, guardian address, signatures, and serialized delegate observations. |
| node/pkg/processor/observation.go:142:35:142:38 | hash | Delegate observation quorum bucket key must be the reconstructed MessagePublication VAA signing digest; use CreateDigest or equivalent SigningDigest and exclude per-guardian/non-VAA fields such as IsReobservation, TxID, guardian address, signatures, and serialized delegate observations. |
| node/pkg/processor/observation.go:149:10:149:13 | hash | Delegate observation quorum bucket key must be the reconstructed MessagePublication VAA signing digest; use CreateDigest or equivalent SigningDigest and exclude per-guardian/non-VAA fields such as IsReobservation, TxID, guardian address, signatures, and serialized delegate observations. |
| node/pkg/processor/observation.go:155:35:155:38 | hash | Delegate observation quorum bucket key must be the reconstructed MessagePublication VAA signing digest; use CreateDigest or equivalent SigningDigest and exclude per-guardian/non-VAA fields such as IsReobservation, TxID, guardian address, signatures, and serialized delegate observations. |
| node/pkg/processor/observation.go:167:35:167:38 | hash | Delegate observation quorum bucket key must be the reconstructed MessagePublication VAA signing digest; use CreateDigest or equivalent SigningDigest and exclude per-guardian/non-VAA fields such as IsReobservation, TxID, guardian address, signatures, and serialized delegate observations. |
| node/pkg/processor/observation.go:177:34:177:37 | hash | Delegate observation quorum bucket key must be the reconstructed MessagePublication VAA signing digest; use CreateDigest or equivalent SigningDigest and exclude per-guardian/non-VAA fields such as IsReobservation, TxID, guardian address, signatures, and serialized delegate observations. |
| node/pkg/processor/observation.go:183:24:183:27 | hash | Delegate observation quorum bucket key must be the reconstructed MessagePublication VAA signing digest; use CreateDigest or equivalent SigningDigest and exclude per-guardian/non-VAA fields such as IsReobservation, TxID, guardian address, signatures, and serialized delegate observations. |
