| node/pkg/watchers/evm/positive.go:6:2:6:14 | send statement | EVM watcher publications must go through (*Watcher).verifyAndPublish; this send writes to the watcher's msgC field directly and can bypass transfer-verifier state updates. |
| node/pkg/watchers/evm/positive.go:11:2:11:11 | send statement | EVM watcher publications must go through (*Watcher).verifyAndPublish; this send writes through a local alias of the watcher's msgC channel and can bypass transfer-verifier state updates. |
| node/pkg/watchers/evm/positive.go:19:2:19:11 | send statement | EVM watcher publications must go through (*Watcher).verifyAndPublish; this thin helper send is reachable from a call that passes the watcher's msgC channel and can bypass transfer-verifier state updates. |
| node/pkg/watchers/evm/positive.go:25:2:25:14 | send statement | EVM watcher publications must go through (*Watcher).verifyAndPublish; this send writes through a local alias of the watcher's msgC channel and can bypass transfer-verifier state updates. |
| node/pkg/watchers/evm/positive.go:34:2:34:11 | send statement | EVM watcher publications must go through (*Watcher).verifyAndPublish; this send writes through a local alias of the watcher's msgC channel and can bypass transfer-verifier state updates. |
