| node/pkg/adminrpc/positive.go:27:58:27:81 | type conversion | Convert boundary-derived Wormhole chain ID through `vaa.ChainIDFromNumber`, `vaa.KnownChainIDFromNumber`, or `vaa.StringToKnownChainID` according to whether this context needs wire-valid or registered-chain semantics. |
| node/pkg/adminrpc/positive.go:34:21:34:49 | type conversion | Convert boundary-derived Wormhole chain ID through `vaa.ChainIDFromNumber`, `vaa.KnownChainIDFromNumber`, or `vaa.StringToKnownChainID` according to whether this context needs wire-valid or registered-chain semantics. |
| node/pkg/adminrpc/positive.go:43:16:43:39 | type conversion | Convert boundary-derived Wormhole chain ID through `vaa.ChainIDFromNumber`, `vaa.KnownChainIDFromNumber`, or `vaa.StringToKnownChainID` according to whether this context needs wire-valid or registered-chain semantics. |
| node/pkg/adminrpc/positive.go:51:9:51:32 | type conversion | Convert boundary-derived Wormhole chain ID through `vaa.ChainIDFromNumber`, `vaa.KnownChainIDFromNumber`, or `vaa.StringToKnownChainID` according to whether this context needs wire-valid or registered-chain semantics. |
| node/pkg/adminrpc/positive.go:59:13:59:36 | type conversion | Convert boundary-derived Wormhole chain ID through `vaa.ChainIDFromNumber`, `vaa.KnownChainIDFromNumber`, or `vaa.StringToKnownChainID` according to whether this context needs wire-valid or registered-chain semantics. |
| node/pkg/adminrpc/positive.go:60:13:60:39 | type conversion | Convert boundary-derived Wormhole chain ID through `vaa.ChainIDFromNumber`, `vaa.KnownChainIDFromNumber`, or `vaa.StringToKnownChainID` according to whether this context needs wire-valid or registered-chain semantics. |
| node/pkg/txverifier/utils.go:8:27:8:44 | type conversion | Convert boundary-derived Wormhole chain ID through `vaa.ChainIDFromNumber`, `vaa.KnownChainIDFromNumber`, or `vaa.StringToKnownChainID` according to whether this context needs wire-valid or registered-chain semantics. |
| node/pkg/watchers/ibc/watcher.go:26:42:26:59 | type conversion | Convert boundary-derived Wormhole chain ID through `vaa.ChainIDFromNumber`, `vaa.KnownChainIDFromNumber`, or `vaa.StringToKnownChainID` according to whether this context needs wire-valid or registered-chain semantics. |
| node/pkg/watchers/ibc/watcher.go:47:14:47:31 | type conversion | Convert boundary-derived Wormhole chain ID through `vaa.ChainIDFromNumber`, `vaa.KnownChainIDFromNumber`, or `vaa.StringToKnownChainID` according to whether this context needs wire-valid or registered-chain semantics. |
