| node/pkg/watchers/xrpl/near_miss.go:7:2:7:54 | call to ParseTxResponse | XRPL transaction is parsed before proving Validated == true. |
| node/pkg/watchers/xrpl/near_miss.go:12:2:12:54 | call to ParseTxResponse | XRPL transaction is parsed before proving Validated == true. |
| node/pkg/watchers/xrpl/near_miss.go:30:2:30:54 | call to ParseTxResponse | XRPL transaction is parsed before proving Validated == true. |
| node/pkg/watchers/xrpl/positive.go:4:2:4:54 | call to ParseTxResponse | XRPL transaction is parsed before proving Validated == true. |
| node/pkg/watchers/xrpl/positive.go:8:2:8:34 | call to ParseTransactionStream | XRPL transaction is parsed before proving Validated == true. |
| node/pkg/watchers/xrpl/positive.go:12:2:12:54 | call to ParseTxResponse | XRPL transaction is parsed before proving Validated == true. |
| node/pkg/watchers/xrpl/positive.go:22:2:22:54 | call to ParseTxResponse | XRPL transaction is parsed before proving Validated == true. |
| node/pkg/watchers/xrpl/positive.go:29:2:29:58 | call to ParseTxResponse | XRPL transaction is parsed before proving Validated == true. |
| node/pkg/watchers/xrpl/positive.go:37:2:37:54 | call to ParseTxResponse | XRPL transaction is parsed before proving Validated == true. |
| node/pkg/watchers/xrpl/positive.go:44:2:44:54 | call to ParseTxResponse | XRPL transaction is parsed before proving Validated == true. |
| node/pkg/watchers/xrpl/positive.go:51:2:51:54 | call to ParseTxResponse | XRPL transaction is parsed before proving Validated == true. |
| node/pkg/watchers/xrpl/positive.go:59:2:59:54 | call to ParseTxResponse | XRPL transaction is parsed before proving Validated == true. |
| node/pkg/watchers/xrpl/positive.go:68:2:68:32 | call to ParseTxResponse | XRPL transaction is parsed before proving Validated == true. |
| node/pkg/watchers/xrpl/positive.go:77:2:77:32 | call to ParseTxResponse | XRPL transaction is parsed before proving Validated == true. |
| node/pkg/watchers/xrpl/positive.go:86:2:86:32 | call to ParseTxResponse | XRPL transaction is parsed before proving Validated == true. |
| node/pkg/watchers/xrpl/positive.go:95:2:95:54 | call to ParseTxResponse | XRPL transaction is parsed before proving Validated == true. |
| node/pkg/watchers/xrpl/positive.go:102:24:102:76 | call to ParseTxResponse | XRPL transaction is parsed before proving Validated == true. |
| node/pkg/watchers/xrpl/positive.go:111:2:111:54 | call to ParseTxResponse | XRPL transaction is parsed before proving Validated == true. |
