| node/pkg/db/governor.go:10:9:10:23 | call to Marshal | MessagePublication current-format serialization must use MarshalBinary; deprecated Marshal omits Unreliable and verificationState and is allowed only for explicit old Governor migration reads. |
| node/pkg/db/governor.go:22:9:22:47 | call to UnmarshalMessagePublication | MessagePublication current-format serialization must use UnmarshalBinary; deprecated UnmarshalMessagePublication omits Unreliable and verificationState and is allowed only for explicit old Governor migration reads. |
| node/pkg/db/governor.go:32:14:32:29 | call to Marshal | MessagePublication current-format serialization must use MarshalBinary; deprecated Marshal omits Unreliable and verificationState and is allowed only for explicit old Governor migration reads. |
| node/pkg/db/governor.go:49:14:49:52 | call to UnmarshalMessagePublication | MessagePublication current-format serialization must use UnmarshalBinary; deprecated UnmarshalMessagePublication omits Unreliable and verificationState and is allowed only for explicit old Governor migration reads. |
| node/pkg/notary/notary.go:11:26:11:65 | selection of Marshal | MessagePublication current-format serialization must use MarshalBinary; deprecated Marshal omits Unreliable and verificationState and is allowed only for explicit old Governor migration reads. |
| node/pkg/notary/notary.go:12:28:12:65 | selection of UnmarshalMessagePublication | MessagePublication current-format serialization must use UnmarshalBinary; deprecated UnmarshalMessagePublication omits Unreliable and verificationState and is allowed only for explicit old Governor migration reads. |
| node/pkg/notary/notary.go:15:9:15:51 | call to UnmarshalMessagePublication | MessagePublication current-format serialization must use UnmarshalBinary; deprecated UnmarshalMessagePublication omits Unreliable and verificationState and is allowed only for explicit old Governor migration reads. |
| node/pkg/notary/notary.go:19:9:19:21 | call to Marshal | MessagePublication current-format serialization must use MarshalBinary; deprecated Marshal omits Unreliable and verificationState and is allowed only for explicit old Governor migration reads. |
| node/pkg/notary/notary.go:23:9:23:44 | call to Marshal | MessagePublication current-format serialization must use MarshalBinary; deprecated Marshal omits Unreliable and verificationState and is allowed only for explicit old Governor migration reads. |
| node/pkg/notary/notary.go:27:9:27:25 | call to Marshal | MessagePublication current-format serialization must use MarshalBinary; deprecated Marshal omits Unreliable and verificationState and is allowed only for explicit old Governor migration reads. |
| node/pkg/notary/notary.go:55:13:55:23 | selection of Marshal | MessagePublication current-format serialization must use MarshalBinary; deprecated Marshal omits Unreliable and verificationState and is allowed only for explicit old Governor migration reads. |
| node/pkg/notary/notary.go:60:9:60:53 | call to UnmarshalMessagePublication | MessagePublication current-format serialization must use UnmarshalBinary; deprecated UnmarshalMessagePublication omits Unreliable and verificationState and is allowed only for explicit old Governor migration reads. |
