| node/pkg/watchers/evm/positive.go:13:14:13:43 | call to Unix | MessagePublication timestamp from chain-derived Unix seconds must be validated with vaa.TimeFromUnix and must not publish on conversion error; this timestamp appears to bypass the VAA uint32 wire-format check. |
| node/pkg/watchers/evm/positive.go:19:14:19:40 | call to Unix | MessagePublication timestamp from chain-derived Unix seconds must be validated with vaa.TimeFromUnix and must not publish on conversion error; this timestamp appears to bypass the VAA uint32 wire-format check. |
| node/pkg/watchers/evm/positive.go:24:15:24:44 | call to Unix | MessagePublication timestamp from chain-derived Unix seconds must be validated with vaa.TimeFromUnix and must not publish on conversion error; this timestamp appears to bypass the VAA uint32 wire-format check. |
| node/pkg/watchers/evm/positive.go:31:18:31:44 | call to TimeFromUnix | MessagePublication timestamp from chain-derived Unix seconds must be validated with vaa.TimeFromUnix and must not publish on conversion error; this timestamp appears to bypass the VAA uint32 wire-format check. |
| node/pkg/watchers/evm/positive.go:38:20:38:46 | call to TimeFromUnix | MessagePublication timestamp from chain-derived Unix seconds must be validated with vaa.TimeFromUnix and must not publish on conversion error; this timestamp appears to bypass the VAA uint32 wire-format check. |
| node/pkg/watchers/evm/positive.go:48:20:48:46 | call to TimeFromUnix | MessagePublication timestamp from chain-derived Unix seconds must be validated with vaa.TimeFromUnix and must not publish on conversion error; this timestamp appears to bypass the VAA uint32 wire-format check. |
| node/pkg/watchers/evm/positive.go:64:9:64:38 | call to Unix | MessagePublication timestamp from chain-derived Unix seconds must be validated with vaa.TimeFromUnix and must not publish on conversion error; this timestamp appears to bypass the VAA uint32 wire-format check. |
