| node/pkg/addresscases/positive.go:12:10:12:31 | type conversion | External Wormhole address data must be normalized with vaa.StringToAddress or vaa.BytesToAddress before use as EmitterAddress; this conversion bypasses canonical left-padding, 0x handling, and overlength rejection. |
| node/pkg/addresscases/positive.go:17:10:17:23 | type conversion | External Wormhole address data must be normalized with vaa.StringToAddress or vaa.BytesToAddress before use as EmitterAddress; this conversion bypasses canonical left-padding, 0x handling, and overlength rejection. |
| node/pkg/addresscases/positive.go:24:2:24:23 | call to copy | External Wormhole address data must be normalized with vaa.StringToAddress or vaa.BytesToAddress before use as EmitterAddress; this conversion bypasses canonical left-padding, 0x handling, and overlength rejection. |
| node/pkg/addresscases/positive.go:39:2:39:23 | call to copy | External Wormhole address data must be normalized with vaa.StringToAddress or vaa.BytesToAddress before use as vaa.Address return; this conversion bypasses canonical left-padding, 0x handling, and overlength rejection. |
| node/pkg/addresscases/positive.go:44:13:44:36 | call to StringViaBytesAddress | External Wormhole address data must be normalized with vaa.StringToAddress or vaa.BytesToAddress before use as EmitterAddress; this conversion bypasses canonical left-padding, 0x handling, and overlength rejection. |
| node/pkg/addresscases/positive.go:58:34:58:63 | type conversion | External Wormhole address data must be normalized with vaa.StringToAddress or vaa.BytesToAddress before use as EmitterAddress; this conversion bypasses canonical left-padding, 0x handling, and overlength rejection. |
| node/pkg/notary/admincommands.go:11:59:11:79 | type conversion | External Wormhole address data must be normalized with vaa.StringToAddress or vaa.BytesToAddress before use as EmitterAddress; this conversion bypasses canonical left-padding, 0x handling, and overlength rejection. |
| node/pkg/publicrpc/publicrpcserver.go:37:2:37:46 | call to copy | External Wormhole address data must be normalized with vaa.StringToAddress or vaa.BytesToAddress before use as EmitterAddress; this conversion bypasses canonical left-padding, 0x handling, and overlength rejection. |
| node/pkg/publicrpc/publicrpcserver.go:47:2:47:36 | call to copy | External Wormhole address data must be normalized with vaa.StringToAddress or vaa.BytesToAddress before use as EmitterAddress; this conversion bypasses canonical left-padding, 0x handling, and overlength rejection. |
| node/pkg/watchers/cosmwasm/watcher.go:13:10:13:35 | type conversion | External Wormhole address data must be normalized with vaa.StringToAddress or vaa.BytesToAddress before use as vaa.Address return; this conversion bypasses canonical left-padding, 0x handling, and overlength rejection. |
| node/pkg/watchers/cosmwasm/watcher.go:36:2:36:26 | call to copy | External Wormhole address data must be normalized with vaa.StringToAddress or vaa.BytesToAddress before use as vaa.Address return; this conversion bypasses canonical left-padding, 0x handling, and overlength rejection. |
| node/pkg/watchers/cosmwasm/watcher.go:50:2:50:26 | call to copy | External Wormhole address data must be normalized with vaa.StringToAddress or vaa.BytesToAddress before use as vaa.Address return; this conversion bypasses canonical left-padding, 0x handling, and overlength rejection. |
