| node/pkg/watchers/algorand/positive.go:13:43:13:92 | call to Uint64 | Algorand publishMessage nonce/sequence bytes must be proven exactly 8 bytes before Uint64 decoding; malformed lengths can panic the watcher before the observation is skipped. |
| node/pkg/watchers/algorand/positive.go:21:43:21:92 | call to Uint64 | Algorand publishMessage nonce/sequence bytes must be proven exactly 8 bytes before Uint64 decoding; malformed lengths can panic the watcher before the observation is skipped. |
| node/pkg/watchers/algorand/positive.go:29:43:29:92 | call to Uint64 | Algorand publishMessage nonce/sequence bytes must be proven exactly 8 bytes before Uint64 decoding; malformed lengths can panic the watcher before the observation is skipped. |
| node/pkg/watchers/algorand/positive.go:37:39:37:91 | call to Uint64 | Algorand publishMessage nonce/sequence bytes must be proven exactly 8 bytes before Uint64 decoding; malformed lengths can panic the watcher before the observation is skipped. |
| node/pkg/watchers/algorand/positive.go:45:39:45:91 | call to Uint64 | Algorand publishMessage nonce/sequence bytes must be proven exactly 8 bytes before Uint64 decoding; malformed lengths can panic the watcher before the observation is skipped. |
| node/pkg/watchers/algorand/positive.go:53:39:53:91 | call to Uint64 | Algorand publishMessage nonce/sequence bytes must be proven exactly 8 bytes before Uint64 decoding; malformed lengths can panic the watcher before the observation is skipped. |
| node/pkg/watchers/algorand/positive.go:62:44:62:78 | call to Uint64 | Algorand publishMessage nonce/sequence bytes must be proven exactly 8 bytes before Uint64 decoding; malformed lengths can panic the watcher before the observation is skipped. |
| node/pkg/watchers/algorand/positive.go:72:40:72:72 | call to Uint64 | Algorand publishMessage nonce/sequence bytes must be proven exactly 8 bytes before Uint64 decoding; malformed lengths can panic the watcher before the observation is skipped. |
| node/pkg/watchers/algorand/positive.go:80:43:80:89 | call to Uint64 | Algorand publishMessage nonce/sequence bytes must be proven exactly 8 bytes before Uint64 decoding; malformed lengths can panic the watcher before the observation is skipped. |
| node/pkg/watchers/algorand/positive.go:89:43:89:92 | call to Uint64 | Algorand publishMessage nonce/sequence bytes must be proven exactly 8 bytes before Uint64 decoding; malformed lengths can panic the watcher before the observation is skipped. |
| node/pkg/watchers/algorand/positive.go:100:43:100:87 | call to decodeUint64Unsafe | Algorand publishMessage nonce/sequence bytes must be proven exactly 8 bytes before Uint64 decoding; malformed lengths can panic the watcher before the observation is skipped. |
| node/pkg/watchers/algorand/positive.go:114:14:114:55 | call to readUint64Exact | Algorand publishMessage nonce/sequence bytes must be proven exactly 8 bytes before Uint64 decoding; malformed lengths can panic the watcher before the observation is skipped. |
| node/pkg/watchers/algorand/positive.go:127:43:127:77 | call to Uint64 | Algorand publishMessage nonce/sequence bytes must be proven exactly 8 bytes before Uint64 decoding; malformed lengths can panic the watcher before the observation is skipped. |
| node/pkg/watchers/algorand/positive.go:138:43:138:92 | call to Uint64 | Algorand publishMessage nonce/sequence bytes must be proven exactly 8 bytes before Uint64 decoding; malformed lengths can panic the watcher before the observation is skipped. |
| node/pkg/watchers/algorand/positive.go:149:39:149:91 | call to Uint64 | Algorand publishMessage nonce/sequence bytes must be proven exactly 8 bytes before Uint64 decoding; malformed lengths can panic the watcher before the observation is skipped. |
| node/pkg/watchers/algorand/positive.go:157:43:157:81 | call to Uint64 | Algorand publishMessage nonce/sequence bytes must be proven exactly 8 bytes before Uint64 decoding; malformed lengths can panic the watcher before the observation is skipped. |
| node/pkg/watchers/algorand/positive.go:164:16:164:57 | call to readUint64Exact | Algorand publishMessage nonce/sequence bytes must be proven exactly 8 bytes before Uint64 decoding; malformed lengths can panic the watcher before the observation is skipped. |
