| node/pkg/watchers/solana/near_miss.go:12:2:12:32 | send statement | Solana watcher must prove the decoded message commitment matches the watcher commitment before scheduling or publishing the observation. |
| node/pkg/watchers/solana/near_miss.go:23:3:23:33 | send statement | Solana watcher must prove the decoded message commitment matches the watcher commitment before scheduling or publishing the observation. |
| node/pkg/watchers/solana/positive.go:14:2:14:22 | send statement | Solana watcher must prove the decoded message commitment matches the watcher commitment before scheduling or publishing the observation. |
| node/pkg/watchers/solana/positive.go:23:2:23:22 | send statement | Solana watcher must prove the decoded message commitment matches the watcher commitment before scheduling or publishing the observation. |
| node/pkg/watchers/solana/positive.go:42:2:42:32 | send statement | Solana watcher must prove the decoded message commitment matches the watcher commitment before scheduling or publishing the observation. |
| node/pkg/watchers/solana/positive.go:51:2:51:32 | send statement | Solana watcher must prove the decoded message commitment matches the watcher commitment before scheduling or publishing the observation. |
| node/pkg/watchers/solana/positive.go:64:2:64:32 | send statement | Solana watcher must prove the decoded message commitment matches the watcher commitment before scheduling or publishing the observation. |
| node/pkg/watchers/solana/positive.go:73:2:73:32 | send statement | Solana watcher must prove the decoded message commitment matches the watcher commitment before scheduling or publishing the observation. |
| node/pkg/watchers/solana/positive.go:86:2:89:3 | call to RunWithScissors | Solana watcher must prove the decoded message commitment matches the watcher commitment before scheduling or publishing the observation. |
| node/pkg/watchers/solana/positive.go:97:2:97:32 | send statement | Solana watcher must prove the decoded message commitment matches the watcher commitment before scheduling or publishing the observation. |
| node/pkg/watchers/solana/positive.go:113:2:113:32 | send statement | Solana watcher must prove the decoded message commitment matches the watcher commitment before scheduling or publishing the observation. |
| node/pkg/watchers/solana/positive.go:126:2:129:3 | call to RunWithScissors | Solana watcher must prove the decoded message commitment matches the watcher commitment before scheduling or publishing the observation. |
| node/pkg/watchers/solana/positive.go:151:2:151:82 | call to retryFetchMessageAccount | Solana watcher must prove the decoded message commitment matches the watcher commitment before scheduling or publishing the observation. |
| node/pkg/watchers/solana/positive.go:165:2:165:32 | send statement | Solana watcher must prove the decoded message commitment matches the watcher commitment before scheduling or publishing the observation. |
| node/pkg/watchers/solana/positive.go:176:2:176:32 | send statement | Solana watcher must prove the decoded message commitment matches the watcher commitment before scheduling or publishing the observation. |
| node/pkg/watchers/solana/positive.go:187:2:187:32 | send statement | Solana watcher must prove the decoded message commitment matches the watcher commitment before scheduling or publishing the observation. |
| node/pkg/watchers/solana/positive.go:198:2:198:32 | send statement | Solana watcher must prove the decoded message commitment matches the watcher commitment before scheduling or publishing the observation. |
| node/pkg/watchers/solana/positive.go:211:2:211:32 | send statement | Solana watcher must prove the decoded message commitment matches the watcher commitment before scheduling or publishing the observation. |
| node/pkg/watchers/solana/positive.go:224:2:224:32 | send statement | Solana watcher must prove the decoded message commitment matches the watcher commitment before scheduling or publishing the observation. |
| node/pkg/watchers/solana/positive.go:236:2:236:32 | send statement | Solana watcher must prove the decoded message commitment matches the watcher commitment before scheduling or publishing the observation. |
