| node/pkg/watchers/evm/positive.go:37:10:37:94 | call to verifyAndPublish | EVM pending-message release must reach the effective consistency level and height threshold, refetch the receipt, and fail closed on not-found, generic error, nil receipt, tx-hash mismatch, and block-hash mismatch before verifyAndPublish. Missing proof: effective consistency-level match. |
| node/pkg/watchers/evm/positive.go:37:10:37:94 | call to verifyAndPublish | EVM pending-message release must reach the effective consistency level and height threshold, refetch the receipt, and fail closed on not-found, generic error, nil receipt, tx-hash mismatch, and block-hash mismatch before verifyAndPublish. Missing proof: height threshold. |
| node/pkg/watchers/evm/positive.go:70:10:70:94 | call to verifyAndPublish | EVM pending-message release must reach the effective consistency level and height threshold, refetch the receipt, and fail closed on not-found, generic error, nil receipt, tx-hash mismatch, and block-hash mismatch before verifyAndPublish. Missing proof: effective consistency-level match. |
| node/pkg/watchers/evm/positive.go:70:10:70:94 | call to verifyAndPublish | EVM pending-message release must reach the effective consistency level and height threshold, refetch the receipt, and fail closed on not-found, generic error, nil receipt, tx-hash mismatch, and block-hash mismatch before verifyAndPublish. Missing proof: height threshold. |
| node/pkg/watchers/evm/positive.go:101:10:101:94 | call to verifyAndPublish | EVM pending-message release must reach the effective consistency level and height threshold, refetch the receipt, and fail closed on not-found, generic error, nil receipt, tx-hash mismatch, and block-hash mismatch before verifyAndPublish. Missing proof: effective consistency-level match. |
| node/pkg/watchers/evm/positive.go:101:10:101:94 | call to verifyAndPublish | EVM pending-message release must reach the effective consistency level and height threshold, refetch the receipt, and fail closed on not-found, generic error, nil receipt, tx-hash mismatch, and block-hash mismatch before verifyAndPublish. Missing proof: height threshold. |
| node/pkg/watchers/evm/positive.go:127:10:127:91 | call to verifyAndPublish | EVM pending-message release must reach the effective consistency level and height threshold, refetch the receipt, and fail closed on not-found, generic error, nil receipt, tx-hash mismatch, and block-hash mismatch before verifyAndPublish. Missing proof: effective consistency-level match. |
| node/pkg/watchers/evm/positive.go:127:10:127:91 | call to verifyAndPublish | EVM pending-message release must reach the effective consistency level and height threshold, refetch the receipt, and fail closed on not-found, generic error, nil receipt, tx-hash mismatch, and block-hash mismatch before verifyAndPublish. Missing proof: height threshold. |
| node/pkg/watchers/evm/positive.go:127:10:127:91 | call to verifyAndPublish | EVM pending-message release must reach the effective consistency level and height threshold, refetch the receipt, and fail closed on not-found, generic error, nil receipt, tx-hash mismatch, and block-hash mismatch before verifyAndPublish. Missing proof: receipt refetch. |
| node/pkg/watchers/evm/positive.go:157:10:157:94 | call to verifyAndPublish | EVM pending-message release must reach the effective consistency level and height threshold, refetch the receipt, and fail closed on not-found, generic error, nil receipt, tx-hash mismatch, and block-hash mismatch before verifyAndPublish. Missing proof: effective consistency-level match. |
| node/pkg/watchers/evm/positive.go:157:10:157:94 | call to verifyAndPublish | EVM pending-message release must reach the effective consistency level and height threshold, refetch the receipt, and fail closed on not-found, generic error, nil receipt, tx-hash mismatch, and block-hash mismatch before verifyAndPublish. Missing proof: height threshold. |
| node/pkg/watchers/evm/positive.go:157:10:157:94 | call to verifyAndPublish | EVM pending-message release must reach the effective consistency level and height threshold, refetch the receipt, and fail closed on not-found, generic error, nil receipt, tx-hash mismatch, and block-hash mismatch before verifyAndPublish. Missing proof: not-found/orphaned receipt rejection. |
| node/pkg/watchers/evm/positive.go:187:10:187:94 | call to verifyAndPublish | EVM pending-message release must reach the effective consistency level and height threshold, refetch the receipt, and fail closed on not-found, generic error, nil receipt, tx-hash mismatch, and block-hash mismatch before verifyAndPublish. Missing proof: effective consistency-level match. |
| node/pkg/watchers/evm/positive.go:187:10:187:94 | call to verifyAndPublish | EVM pending-message release must reach the effective consistency level and height threshold, refetch the receipt, and fail closed on not-found, generic error, nil receipt, tx-hash mismatch, and block-hash mismatch before verifyAndPublish. Missing proof: height threshold. |
| node/pkg/watchers/evm/positive.go:187:10:187:94 | call to verifyAndPublish | EVM pending-message release must reach the effective consistency level and height threshold, refetch the receipt, and fail closed on not-found, generic error, nil receipt, tx-hash mismatch, and block-hash mismatch before verifyAndPublish. Missing proof: tx-hash match. |
| node/pkg/watchers/evm/positive.go:217:10:217:94 | call to verifyAndPublish | EVM pending-message release must reach the effective consistency level and height threshold, refetch the receipt, and fail closed on not-found, generic error, nil receipt, tx-hash mismatch, and block-hash mismatch before verifyAndPublish. Missing proof: block-hash match. |
| node/pkg/watchers/evm/positive.go:217:10:217:94 | call to verifyAndPublish | EVM pending-message release must reach the effective consistency level and height threshold, refetch the receipt, and fail closed on not-found, generic error, nil receipt, tx-hash mismatch, and block-hash mismatch before verifyAndPublish. Missing proof: effective consistency-level match. |
| node/pkg/watchers/evm/positive.go:217:10:217:94 | call to verifyAndPublish | EVM pending-message release must reach the effective consistency level and height threshold, refetch the receipt, and fail closed on not-found, generic error, nil receipt, tx-hash mismatch, and block-hash mismatch before verifyAndPublish. Missing proof: height threshold. |
| node/pkg/watchers/evm/positive.go:252:10:252:94 | call to verifyAndPublish | EVM pending-message release must reach the effective consistency level and height threshold, refetch the receipt, and fail closed on not-found, generic error, nil receipt, tx-hash mismatch, and block-hash mismatch before verifyAndPublish. Missing proof: block-hash match. |
| node/pkg/watchers/evm/positive.go:252:10:252:94 | call to verifyAndPublish | EVM pending-message release must reach the effective consistency level and height threshold, refetch the receipt, and fail closed on not-found, generic error, nil receipt, tx-hash mismatch, and block-hash mismatch before verifyAndPublish. Missing proof: effective consistency-level match. |
| node/pkg/watchers/evm/positive.go:252:10:252:94 | call to verifyAndPublish | EVM pending-message release must reach the effective consistency level and height threshold, refetch the receipt, and fail closed on not-found, generic error, nil receipt, tx-hash mismatch, and block-hash mismatch before verifyAndPublish. Missing proof: height threshold. |
| node/pkg/watchers/evm/positive.go:286:10:286:94 | call to verifyAndPublish | EVM pending-message release must reach the effective consistency level and height threshold, refetch the receipt, and fail closed on not-found, generic error, nil receipt, tx-hash mismatch, and block-hash mismatch before verifyAndPublish. Missing proof: effective consistency-level match. |
| node/pkg/watchers/evm/positive.go:286:10:286:94 | call to verifyAndPublish | EVM pending-message release must reach the effective consistency level and height threshold, refetch the receipt, and fail closed on not-found, generic error, nil receipt, tx-hash mismatch, and block-hash mismatch before verifyAndPublish. Missing proof: generic receipt error rejection. |
| node/pkg/watchers/evm/positive.go:286:10:286:94 | call to verifyAndPublish | EVM pending-message release must reach the effective consistency level and height threshold, refetch the receipt, and fail closed on not-found, generic error, nil receipt, tx-hash mismatch, and block-hash mismatch before verifyAndPublish. Missing proof: height threshold. |
| node/pkg/watchers/evm/positive.go:320:10:320:94 | call to verifyAndPublish | EVM pending-message release must reach the effective consistency level and height threshold, refetch the receipt, and fail closed on not-found, generic error, nil receipt, tx-hash mismatch, and block-hash mismatch before verifyAndPublish. Missing proof: block-hash match. |
| node/pkg/watchers/evm/positive.go:320:10:320:94 | call to verifyAndPublish | EVM pending-message release must reach the effective consistency level and height threshold, refetch the receipt, and fail closed on not-found, generic error, nil receipt, tx-hash mismatch, and block-hash mismatch before verifyAndPublish. Missing proof: effective consistency-level match. |
| node/pkg/watchers/evm/positive.go:320:10:320:94 | call to verifyAndPublish | EVM pending-message release must reach the effective consistency level and height threshold, refetch the receipt, and fail closed on not-found, generic error, nil receipt, tx-hash mismatch, and block-hash mismatch before verifyAndPublish. Missing proof: height threshold. |
| node/pkg/watchers/evm/positive.go:320:10:320:94 | call to verifyAndPublish | EVM pending-message release must reach the effective consistency level and height threshold, refetch the receipt, and fail closed on not-found, generic error, nil receipt, tx-hash mismatch, and block-hash mismatch before verifyAndPublish. Missing proof: nil receipt rejection. |
| node/pkg/watchers/evm/positive.go:320:10:320:94 | call to verifyAndPublish | EVM pending-message release must reach the effective consistency level and height threshold, refetch the receipt, and fail closed on not-found, generic error, nil receipt, tx-hash mismatch, and block-hash mismatch before verifyAndPublish. Missing proof: tx-hash match. |
| node/pkg/watchers/evm/positive.go:347:17:347:101 | call to verifyAndPublish | EVM pending-message release must reach the effective consistency level and height threshold, refetch the receipt, and fail closed on not-found, generic error, nil receipt, tx-hash mismatch, and block-hash mismatch before verifyAndPublish. Missing proof: effective consistency-level match. |
| node/pkg/watchers/evm/positive.go:347:17:347:101 | call to verifyAndPublish | EVM pending-message release must reach the effective consistency level and height threshold, refetch the receipt, and fail closed on not-found, generic error, nil receipt, tx-hash mismatch, and block-hash mismatch before verifyAndPublish. Missing proof: generic receipt error rejection. |
| node/pkg/watchers/evm/positive.go:347:17:347:101 | call to verifyAndPublish | EVM pending-message release must reach the effective consistency level and height threshold, refetch the receipt, and fail closed on not-found, generic error, nil receipt, tx-hash mismatch, and block-hash mismatch before verifyAndPublish. Missing proof: height threshold. |
| node/pkg/watchers/evm/positive.go:347:17:347:101 | call to verifyAndPublish | EVM pending-message release must reach the effective consistency level and height threshold, refetch the receipt, and fail closed on not-found, generic error, nil receipt, tx-hash mismatch, and block-hash mismatch before verifyAndPublish. Missing proof: nil receipt rejection. |
| node/pkg/watchers/evm/positive.go:389:10:389:94 | call to verifyAndPublish | EVM pending-message release must reach the effective consistency level and height threshold, refetch the receipt, and fail closed on not-found, generic error, nil receipt, tx-hash mismatch, and block-hash mismatch before verifyAndPublish. Missing proof: block-hash match. |
| node/pkg/watchers/evm/positive.go:389:10:389:94 | call to verifyAndPublish | EVM pending-message release must reach the effective consistency level and height threshold, refetch the receipt, and fail closed on not-found, generic error, nil receipt, tx-hash mismatch, and block-hash mismatch before verifyAndPublish. Missing proof: effective consistency-level match. |
| node/pkg/watchers/evm/positive.go:389:10:389:94 | call to verifyAndPublish | EVM pending-message release must reach the effective consistency level and height threshold, refetch the receipt, and fail closed on not-found, generic error, nil receipt, tx-hash mismatch, and block-hash mismatch before verifyAndPublish. Missing proof: height threshold. |
| node/pkg/watchers/evm/positive.go:423:10:423:94 | call to verifyAndPublish | EVM pending-message release must reach the effective consistency level and height threshold, refetch the receipt, and fail closed on not-found, generic error, nil receipt, tx-hash mismatch, and block-hash mismatch before verifyAndPublish. Missing proof: effective consistency-level match. |
| node/pkg/watchers/evm/positive.go:423:10:423:94 | call to verifyAndPublish | EVM pending-message release must reach the effective consistency level and height threshold, refetch the receipt, and fail closed on not-found, generic error, nil receipt, tx-hash mismatch, and block-hash mismatch before verifyAndPublish. Missing proof: height threshold. |
| node/pkg/watchers/evm/positive.go:423:10:423:94 | call to verifyAndPublish | EVM pending-message release must reach the effective consistency level and height threshold, refetch the receipt, and fail closed on not-found, generic error, nil receipt, tx-hash mismatch, and block-hash mismatch before verifyAndPublish. Missing proof: receipt refetch. |
| node/pkg/watchers/evm/positive.go:457:10:457:94 | call to verifyAndPublish | EVM pending-message release must reach the effective consistency level and height threshold, refetch the receipt, and fail closed on not-found, generic error, nil receipt, tx-hash mismatch, and block-hash mismatch before verifyAndPublish. Missing proof: effective consistency-level match. |
| node/pkg/watchers/evm/positive.go:457:10:457:94 | call to verifyAndPublish | EVM pending-message release must reach the effective consistency level and height threshold, refetch the receipt, and fail closed on not-found, generic error, nil receipt, tx-hash mismatch, and block-hash mismatch before verifyAndPublish. Missing proof: height threshold. |
| node/pkg/watchers/evm/positive.go:491:10:491:94 | call to verifyAndPublish | EVM pending-message release must reach the effective consistency level and height threshold, refetch the receipt, and fail closed on not-found, generic error, nil receipt, tx-hash mismatch, and block-hash mismatch before verifyAndPublish. Missing proof: effective consistency-level match. |
| node/pkg/watchers/evm/positive.go:491:10:491:94 | call to verifyAndPublish | EVM pending-message release must reach the effective consistency level and height threshold, refetch the receipt, and fail closed on not-found, generic error, nil receipt, tx-hash mismatch, and block-hash mismatch before verifyAndPublish. Missing proof: height threshold. |
| node/pkg/watchers/evm/positive.go:525:10:525:94 | call to verifyAndPublish | EVM pending-message release must reach the effective consistency level and height threshold, refetch the receipt, and fail closed on not-found, generic error, nil receipt, tx-hash mismatch, and block-hash mismatch before verifyAndPublish. Missing proof: effective consistency-level match. |
| node/pkg/watchers/evm/positive.go:525:10:525:94 | call to verifyAndPublish | EVM pending-message release must reach the effective consistency level and height threshold, refetch the receipt, and fail closed on not-found, generic error, nil receipt, tx-hash mismatch, and block-hash mismatch before verifyAndPublish. Missing proof: height threshold. |
| node/pkg/watchers/evm/positive.go:559:10:559:94 | call to verifyAndPublish | EVM pending-message release must reach the effective consistency level and height threshold, refetch the receipt, and fail closed on not-found, generic error, nil receipt, tx-hash mismatch, and block-hash mismatch before verifyAndPublish. Missing proof: effective consistency-level match. |
| node/pkg/watchers/evm/positive.go:559:10:559:94 | call to verifyAndPublish | EVM pending-message release must reach the effective consistency level and height threshold, refetch the receipt, and fail closed on not-found, generic error, nil receipt, tx-hash mismatch, and block-hash mismatch before verifyAndPublish. Missing proof: height threshold. |
| node/pkg/watchers/evm/positive.go:592:10:592:94 | call to verifyAndPublish | EVM pending-message release must reach the effective consistency level and height threshold, refetch the receipt, and fail closed on not-found, generic error, nil receipt, tx-hash mismatch, and block-hash mismatch before verifyAndPublish. Missing proof: effective consistency-level match. |
| node/pkg/watchers/evm/positive.go:592:10:592:94 | call to verifyAndPublish | EVM pending-message release must reach the effective consistency level and height threshold, refetch the receipt, and fail closed on not-found, generic error, nil receipt, tx-hash mismatch, and block-hash mismatch before verifyAndPublish. Missing proof: height threshold. |
| node/pkg/watchers/evm/positive.go:592:10:592:94 | call to verifyAndPublish | EVM pending-message release must reach the effective consistency level and height threshold, refetch the receipt, and fail closed on not-found, generic error, nil receipt, tx-hash mismatch, and block-hash mismatch before verifyAndPublish. Missing proof: tx-hash match. |
| node/pkg/watchers/evm/positive.go:625:10:625:94 | call to verifyAndPublish | EVM pending-message release must reach the effective consistency level and height threshold, refetch the receipt, and fail closed on not-found, generic error, nil receipt, tx-hash mismatch, and block-hash mismatch before verifyAndPublish. Missing proof: effective consistency-level match. |
| node/pkg/watchers/evm/positive.go:625:10:625:94 | call to verifyAndPublish | EVM pending-message release must reach the effective consistency level and height threshold, refetch the receipt, and fail closed on not-found, generic error, nil receipt, tx-hash mismatch, and block-hash mismatch before verifyAndPublish. Missing proof: height threshold. |
| node/pkg/watchers/evm/positive.go:625:10:625:94 | call to verifyAndPublish | EVM pending-message release must reach the effective consistency level and height threshold, refetch the receipt, and fail closed on not-found, generic error, nil receipt, tx-hash mismatch, and block-hash mismatch before verifyAndPublish. Missing proof: tx-hash match. |
| node/pkg/watchers/evm/positive.go:658:10:658:94 | call to verifyAndPublish | EVM pending-message release must reach the effective consistency level and height threshold, refetch the receipt, and fail closed on not-found, generic error, nil receipt, tx-hash mismatch, and block-hash mismatch before verifyAndPublish. Missing proof: block-hash match. |
| node/pkg/watchers/evm/positive.go:658:10:658:94 | call to verifyAndPublish | EVM pending-message release must reach the effective consistency level and height threshold, refetch the receipt, and fail closed on not-found, generic error, nil receipt, tx-hash mismatch, and block-hash mismatch before verifyAndPublish. Missing proof: effective consistency-level match. |
| node/pkg/watchers/evm/positive.go:658:10:658:94 | call to verifyAndPublish | EVM pending-message release must reach the effective consistency level and height threshold, refetch the receipt, and fail closed on not-found, generic error, nil receipt, tx-hash mismatch, and block-hash mismatch before verifyAndPublish. Missing proof: height threshold. |
| node/pkg/watchers/evm/positive.go:691:10:691:94 | call to verifyAndPublish | EVM pending-message release must reach the effective consistency level and height threshold, refetch the receipt, and fail closed on not-found, generic error, nil receipt, tx-hash mismatch, and block-hash mismatch before verifyAndPublish. Missing proof: block-hash match. |
| node/pkg/watchers/evm/positive.go:691:10:691:94 | call to verifyAndPublish | EVM pending-message release must reach the effective consistency level and height threshold, refetch the receipt, and fail closed on not-found, generic error, nil receipt, tx-hash mismatch, and block-hash mismatch before verifyAndPublish. Missing proof: effective consistency-level match. |
| node/pkg/watchers/evm/positive.go:691:10:691:94 | call to verifyAndPublish | EVM pending-message release must reach the effective consistency level and height threshold, refetch the receipt, and fail closed on not-found, generic error, nil receipt, tx-hash mismatch, and block-hash mismatch before verifyAndPublish. Missing proof: height threshold. |
| node/pkg/watchers/evm/positive.go:731:10:731:94 | call to verifyAndPublish | EVM pending-message release must reach the effective consistency level and height threshold, refetch the receipt, and fail closed on not-found, generic error, nil receipt, tx-hash mismatch, and block-hash mismatch before verifyAndPublish. Missing proof: effective consistency-level match. |
| node/pkg/watchers/evm/positive.go:770:10:770:94 | call to verifyAndPublish | EVM pending-message release must reach the effective consistency level and height threshold, refetch the receipt, and fail closed on not-found, generic error, nil receipt, tx-hash mismatch, and block-hash mismatch before verifyAndPublish. Missing proof: effective consistency-level match. |
| node/pkg/watchers/evm/positive.go:809:10:809:94 | call to verifyAndPublish | EVM pending-message release must reach the effective consistency level and height threshold, refetch the receipt, and fail closed on not-found, generic error, nil receipt, tx-hash mismatch, and block-hash mismatch before verifyAndPublish. Missing proof: height threshold. |
| node/pkg/watchers/evm/positive.go:844:10:844:94 | call to verifyAndPublish | EVM pending-message release must reach the effective consistency level and height threshold, refetch the receipt, and fail closed on not-found, generic error, nil receipt, tx-hash mismatch, and block-hash mismatch before verifyAndPublish. Missing proof: effective consistency-level match. |
| node/pkg/watchers/evm/positive.go:844:10:844:94 | call to verifyAndPublish | EVM pending-message release must reach the effective consistency level and height threshold, refetch the receipt, and fail closed on not-found, generic error, nil receipt, tx-hash mismatch, and block-hash mismatch before verifyAndPublish. Missing proof: height threshold. |
| node/pkg/watchers/evm/positive.go:882:10:882:94 | call to verifyAndPublish | EVM pending-message release must reach the effective consistency level and height threshold, refetch the receipt, and fail closed on not-found, generic error, nil receipt, tx-hash mismatch, and block-hash mismatch before verifyAndPublish. Missing proof: same-watcher w.pending range. |
| node/pkg/watchers/evm/positive.go:922:10:922:94 | call to verifyAndPublish | EVM pending-message release must reach the effective consistency level and height threshold, refetch the receipt, and fail closed on not-found, generic error, nil receipt, tx-hash mismatch, and block-hash mismatch before verifyAndPublish. Missing proof: effective consistency-level match. |
| node/pkg/watchers/evm/positive.go:962:10:962:94 | call to verifyAndPublish | EVM pending-message release must reach the effective consistency level and height threshold, refetch the receipt, and fail closed on not-found, generic error, nil receipt, tx-hash mismatch, and block-hash mismatch before verifyAndPublish. Missing proof: tx-hash match. |
