| node/cmd/ccq/positive.go:4:2:4:31 | call to updateMetricsAlreadyLocked | AlreadyLocked helper must be called only while holding the required write lock on the same receiver. |
| node/cmd/ccq/positive.go:10:2:10:31 | call to updateMetricsAlreadyLocked | AlreadyLocked helper must be called only while holding the required write lock on the same receiver. |
| node/pkg/accountant/accountant_stubs.go:18:2:18:53 | call to deletePendingTransferAlreadyLocked | AlreadyLocked helper must be called only while holding the required write lock on the same receiver. |
| node/pkg/accountant/accountant_stubs.go:23:2:23:48 | call to deletePendingTransferAlreadyLocked | AlreadyLocked helper must be called only while holding the required write lock on the same receiver. |
| node/pkg/accountant/accountant_stubs.go:29:2:29:62 | call to publishTransferAlreadyLocked | AlreadyLocked helper must be called only while holding the required write lock on the same receiver. |
| node/pkg/accountant/accountant_stubs.go:32:3:32:62 | call to publishTransferAlreadyLocked | AlreadyLocked helper must be called only while holding the required write lock on the same receiver. |
| node/pkg/accountant/accountant_stubs.go:37:2:37:48 | call to deletePendingTransferAlreadyLocked | AlreadyLocked helper must be called only while holding the required write lock on the same receiver. |
| node/pkg/accountant/positive.go:4:2:4:38 | call to publishTransferAlreadyLocked | AlreadyLocked helper must be called only while holding the required write lock on the same receiver. |
| node/pkg/accountant/positive.go:10:2:10:41 | call to addPendingTransferAlreadyLocked | AlreadyLocked helper must be called only while holding the required write lock on the same receiver. |
| node/pkg/accountant/positive.go:16:2:16:48 | call to deletePendingTransferAlreadyLocked | AlreadyLocked helper must be called only while holding the required write lock on the same receiver. |
| node/pkg/accountant/positive.go:22:2:22:38 | call to publishTransferAlreadyLocked | AlreadyLocked helper must be called only while holding the required write lock on the same receiver. |
| node/pkg/accountant/positive.go:28:2:28:41 | call to addPendingTransferAlreadyLocked | AlreadyLocked helper must be called only while holding the required write lock on the same receiver. |
| node/pkg/accountant/positive.go:36:2:36:48 | call to deletePendingTransferAlreadyLocked | AlreadyLocked helper must be called only while holding the required write lock on the same receiver. |
| node/pkg/accountant/positive.go:40:2:40:38 | call to publishTransferAlreadyLocked | AlreadyLocked helper must be called only while holding the required write lock on the same receiver. |
| node/pkg/accountant/positive.go:47:2:47:44 | call to addPendingTransferAlreadyLocked | AlreadyLocked helper must be called only while holding the required write lock on the same receiver. |
| node/pkg/accountant/positive.go:55:2:55:38 | call to publishTransferAlreadyLocked | AlreadyLocked helper must be called only while holding the required write lock on the same receiver. |
| node/pkg/accountant/positive.go:65:2:65:38 | call to publishTransferAlreadyLocked | AlreadyLocked helper must be called only while holding the required write lock on the same receiver. |
| node/pkg/accountant/positive.go:76:2:76:38 | call to publishTransferAlreadyLocked | AlreadyLocked helper must be called only while holding the required write lock on the same receiver. |
| node/pkg/accountant/positive.go:81:2:81:38 | call to publishTransferAlreadyLocked | AlreadyLocked helper must be called only while holding the required write lock on the same receiver. |
| node/pkg/accountant/positive.go:86:2:86:38 | call to publishTransferAlreadyLocked | AlreadyLocked helper must be called only while holding the required write lock on the same receiver. |
| node/pkg/accountant/positive.go:93:2:93:38 | call to publishTransferAlreadyLocked | AlreadyLocked helper must be called only while holding the required write lock on the same receiver. |
| node/pkg/accountant/positive.go:100:2:100:38 | call to publishTransferAlreadyLocked | AlreadyLocked helper must be called only while holding the required write lock on the same receiver. |
| node/pkg/accountant/positive.go:106:2:106:38 | call to publishTransferAlreadyLocked | AlreadyLocked helper must be called only while holding the required write lock on the same receiver. |
| node/pkg/accountant/positive.go:113:2:113:39 | call to publishTransferAlreadyLocked | AlreadyLocked helper must be called only while holding the required write lock on the same receiver. |
| node/pkg/accountant/positive.go:118:5:118:41 | call to publishTransferAlreadyLocked | AlreadyLocked helper must be called only while holding the required write lock on the same receiver. |
| node/pkg/accountant/positive.go:124:8:124:44 | call to publishTransferAlreadyLocked | AlreadyLocked helper must be called only while holding the required write lock on the same receiver. |
| node/pkg/governor/positive.go:4:6:4:35 | call to parseMsgAlreadyLocked | AlreadyLocked helper must be called only while holding the required write lock on the same receiver. |
| node/pkg/governor/positive.go:10:6:10:34 | call to loadFromDBAlreadyLocked | AlreadyLocked helper must be called only while holding the required write lock on the same receiver. |
| node/pkg/governor/positive.go:16:6:16:35 | call to parseMsgAlreadyLocked | AlreadyLocked helper must be called only while holding the required write lock on the same receiver. |
| node/pkg/governor/positive.go:22:6:22:34 | call to loadFromDBAlreadyLocked | AlreadyLocked helper must be called only while holding the required write lock on the same receiver. |
