| node/pkg/adminrpc/canonical_parser_alias.go:16:10:16:87 | struct literal | Parse serialized VAA IDs with the canonical VAA ID parser before constructing storage identities; manual split/reconstruction can misdecode emitter addresses and miss existing signed VAAs. |
| node/pkg/adminrpc/positive.go:32:11:36:2 | struct literal | Parse serialized VAA IDs with the canonical VAA ID parser before constructing storage identities; manual split/reconstruction can misdecode emitter addresses and miss existing signed VAAs. |
| node/pkg/adminrpc/positive.go:44:9:48:2 | struct literal | Parse serialized VAA IDs with the canonical VAA ID parser before constructing storage identities; manual split/reconstruction can misdecode emitter addresses and miss existing signed VAAs. |
| node/pkg/adminrpc/positive.go:65:9:69:2 | struct literal | Parse serialized VAA IDs with the canonical VAA ID parser before constructing storage identities; manual split/reconstruction can misdecode emitter addresses and miss existing signed VAAs. |
| node/pkg/adminrpc/positive.go:74:9:78:2 | struct literal | Parse serialized VAA IDs with the canonical VAA ID parser before constructing storage identities; manual split/reconstruction can misdecode emitter addresses and miss existing signed VAAs. |
| node/pkg/adminrpc/positive.go:84:9:88:2 | struct literal | Parse serialized VAA IDs with the canonical VAA ID parser before constructing storage identities; manual split/reconstruction can misdecode emitter addresses and miss existing signed VAAs. |
