| node/pkg/watchers/xrpl/badlayout/positive.go:37:2:37:60 | ... := ... | XRPL generated XACK publication must use the domain-separated emitter (the "XRPL" generated account emitter); this expression appears to use a non-approved emitter derivation. |
| node/pkg/watchers/xrpl/near_miss.go:6:2:6:69 | ... := ... | XRPL generated XACK publication must use the domain-separated emitter (the "XRPL" generated account emitter); this expression appears to use a non-approved emitter derivation. |
| node/pkg/watchers/xrpl/near_miss.go:22:3:22:45 | ... := ... | XRPL generated XTCF publication must use the domain-separated emitter (the "XRPL" generated account emitter); this expression appears to use a raw account emitter. |
| node/pkg/watchers/xrpl/nttignored/positive.go:45:19:45:72 | call to calculateEmitterAddress | XRPL generated NTT publication must use the domain-separated emitter (keccak256("ntt" + source manager + source token)); this expression appears to use a non-approved emitter derivation. |
| node/pkg/watchers/xrpl/nttwrong/near_miss.go:45:2:45:73 | ... := ... | XRPL generated NTT publication must use the domain-separated emitter (keccak256("ntt" + source manager + source token)); this expression appears to use a non-approved emitter derivation. |
| node/pkg/watchers/xrpl/overwrite/positive.go:46:19:46:32 | emitterAddress | XRPL generated NTT publication must use the domain-separated emitter (keccak256("ntt" + source manager + source token)); this expression appears to use a non-approved emitter derivation. |
| node/pkg/watchers/xrpl/positive.go:6:2:6:44 | ... := ... | XRPL generated XTCF publication must use the domain-separated emitter (the "XRPL" generated account emitter); this expression appears to use a raw account emitter. |
| node/pkg/watchers/xrpl/positive.go:19:19:19:43 | call to addressToEmitter | XRPL generated XACK publication must use the domain-separated emitter (the "XRPL" generated account emitter); this expression appears to use a raw account emitter. |
| node/pkg/watchers/xrpl/positive.go:27:2:27:52 | ... := ... | XRPL generated XTCF publication must use the domain-separated emitter (the "XRPL" generated account emitter); this expression appears to use a non-approved emitter derivation. |
| node/pkg/watchers/xrpl/positive.go:42:2:42:51 | ... := ... | XRPL generated NTT publication must use the domain-separated emitter (keccak256("ntt" + source manager + source token)); this expression appears to use a raw account emitter. |
| node/pkg/watchers/xrpl/positive.go:43:2:43:87 | ... := ... | XRPL generated NTT publication must use the domain-separated emitter (keccak256("ntt" + source manager + source token)); this expression appears to use a non-approved emitter derivation. |
| node/pkg/watchers/xrpl/positive.go:44:2:44:84 | ... := ... | XRPL generated NTT publication must use the domain-separated emitter (keccak256("ntt" + source manager + source token)); this expression appears to use a non-approved emitter derivation. |
