| node/pkg/watchers/evm/positive.go:16:9:16:49 | call to verifyAndPublish | EVM watcher observation must prove the same transaction receipt has Status == ReceiptStatusSuccessful before it publishes with (*Watcher).verifyAndPublish; nil, tx-hash, block-hash, or finality checks do not prove receipt success. |
| node/pkg/watchers/evm/positive.go:31:9:31:47 | call to verifyAndPublish | EVM watcher observation must prove the same transaction receipt has Status == ReceiptStatusSuccessful before it publishes with (*Watcher).verifyAndPublish; nil, tx-hash, block-hash, or finality checks do not prove receipt success. |
| node/pkg/watchers/evm/positive.go:39:12:39:52 | call to verifyAndPublish | EVM watcher observation must prove the same transaction receipt has Status == ReceiptStatusSuccessful before it publishes with (*Watcher).verifyAndPublish; nil, tx-hash, block-hash, or finality checks do not prove receipt success. |
| node/pkg/watchers/evm/positive.go:58:9:58:49 | call to verifyAndPublish | EVM watcher observation must prove the same transaction receipt has Status == ReceiptStatusSuccessful before it publishes with (*Watcher).verifyAndPublish; nil, tx-hash, block-hash, or finality checks do not prove receipt success. |
| node/pkg/watchers/evm/positive.go:66:9:66:49 | call to verifyAndPublish | EVM watcher observation must prove the same transaction receipt has Status == ReceiptStatusSuccessful before it publishes with (*Watcher).verifyAndPublish; nil, tx-hash, block-hash, or finality checks do not prove receipt success. |
| node/pkg/watchers/evm/positive.go:78:13:78:52 | call to ParseLogMessagePublished | EVM watcher observation must prove the same transaction receipt has Status == ReceiptStatusSuccessful before it parses LogMessagePublished events from receipt.Logs; nil, tx-hash, block-hash, or finality checks do not prove receipt success. |
| node/pkg/watchers/evm/positive.go:96:13:96:52 | call to ParseLogMessagePublished | EVM watcher observation must prove the same transaction receipt has Status == ReceiptStatusSuccessful before it parses LogMessagePublished events from receipt.Logs; nil, tx-hash, block-hash, or finality checks do not prove receipt success. |
| node/pkg/watchers/evm/positive.go:111:13:111:56 | call to ParseLogMessagePublished | EVM watcher observation must prove the same transaction receipt has Status == ReceiptStatusSuccessful before it parses LogMessagePublished events from receipt.Logs; nil, tx-hash, block-hash, or finality checks do not prove receipt success. |
| node/pkg/watchers/evm/positive.go:125:13:125:64 | call to ParseLogMessagePublished | EVM watcher observation must prove the same transaction receipt has Status == ReceiptStatusSuccessful before it parses LogMessagePublished events from receipt.Logs; nil, tx-hash, block-hash, or finality checks do not prove receipt success. |
| node/pkg/watchers/evm/positive.go:144:13:144:40 | call to parseOneLog | EVM watcher observation must prove the same transaction receipt has Status == ReceiptStatusSuccessful before it parses LogMessagePublished events from receipt.Logs; nil, tx-hash, block-hash, or finality checks do not prove receipt success. |
| node/pkg/watchers/evm/positive.go:157:17:157:56 | call to ParseLogMessagePublished | EVM watcher observation must prove the same transaction receipt has Status == ReceiptStatusSuccessful before it parses LogMessagePublished events from receipt.Logs; nil, tx-hash, block-hash, or finality checks do not prove receipt success. |
| node/pkg/watchers/evm/positive.go:163:10:163:50 | call to verifyAndPublish | EVM watcher observation must prove the same transaction receipt has Status == ReceiptStatusSuccessful before it publishes with (*Watcher).verifyAndPublish; nil, tx-hash, block-hash, or finality checks do not prove receipt success. |
| node/pkg/watchers/evm/positive.go:187:9:187:47 | call to verifyAndPublish | EVM watcher observation must prove the same transaction receipt has Status == ReceiptStatusSuccessful before it publishes with (*Watcher).verifyAndPublish; nil, tx-hash, block-hash, or finality checks do not prove receipt success. |
| node/pkg/watchers/evm/positive.go:204:16:204:55 | call to ParseLogMessagePublished | EVM watcher observation must prove the same transaction receipt has Status == ReceiptStatusSuccessful before it parses LogMessagePublished events from receipt.Logs; nil, tx-hash, block-hash, or finality checks do not prove receipt success. |
| node/pkg/watchers/evm/positive.go:214:13:214:53 | call to verifyAndPublish | EVM watcher observation must prove the same transaction receipt has Status == ReceiptStatusSuccessful before it publishes with (*Watcher).verifyAndPublish; nil, tx-hash, block-hash, or finality checks do not prove receipt success. |
| node/pkg/watchers/evm/positive.go:228:13:228:53 | call to verifyAndPublish | EVM watcher observation must prove the same transaction receipt has Status == ReceiptStatusSuccessful before it publishes with (*Watcher).verifyAndPublish; nil, tx-hash, block-hash, or finality checks do not prove receipt success. |
| node/pkg/watchers/evm/positive.go:245:13:245:53 | call to verifyAndPublish | EVM watcher observation must prove the same transaction receipt has Status == ReceiptStatusSuccessful before it publishes with (*Watcher).verifyAndPublish; nil, tx-hash, block-hash, or finality checks do not prove receipt success. |
| node/pkg/watchers/evm/positive.go:262:13:262:53 | call to verifyAndPublish | EVM watcher observation must prove the same transaction receipt has Status == ReceiptStatusSuccessful before it publishes with (*Watcher).verifyAndPublish; nil, tx-hash, block-hash, or finality checks do not prove receipt success. |
| node/pkg/watchers/evm/positive.go:276:13:276:53 | call to verifyAndPublish | EVM watcher observation must prove the same transaction receipt has Status == ReceiptStatusSuccessful before it publishes with (*Watcher).verifyAndPublish; nil, tx-hash, block-hash, or finality checks do not prove receipt success. |
| node/pkg/watchers/evm/positive.go:290:13:290:53 | call to verifyAndPublish | EVM watcher observation must prove the same transaction receipt has Status == ReceiptStatusSuccessful before it publishes with (*Watcher).verifyAndPublish; nil, tx-hash, block-hash, or finality checks do not prove receipt success. |
| node/pkg/watchers/evm/positive.go:303:12:303:56 | call to verifyAndPublish | EVM watcher observation must prove the same transaction receipt has Status == ReceiptStatusSuccessful before it publishes with (*Watcher).verifyAndPublish; nil, tx-hash, block-hash, or finality checks do not prove receipt success. |
| node/pkg/watchers/evm/unsafe/positive_unsafe_helper.go:36:15:36:52 | call to ParseLogMessagePublished | EVM watcher observation must prove the same transaction receipt has Status == ReceiptStatusSuccessful before it parses LogMessagePublished events from receipt.Logs; nil, tx-hash, block-hash, or finality checks do not prove receipt success. |
| node/pkg/watchers/evm/unsafe/positive_unsafe_helper.go:51:13:51:53 | call to verifyAndPublish | EVM watcher observation must prove the same transaction receipt has Status == ReceiptStatusSuccessful before it publishes with (*Watcher).verifyAndPublish; nil, tx-hash, block-hash, or finality checks do not prove receipt success. |
